00:00
00:00 1 client1
00:00 2 client1 1
23:58 4 client1
23:59
1 24 23:58
