08:00
07:30 1 client1
07:30 13 NotOpenYet
08:15 1 client1
08:20 2 client1 1
08:25 2 client1 2
08:35 4 client2
08:35 13 ClientUnknown
20:00 11 client1
20:00
1 15 00:05
2 180 11:35
