10:00
10:05 1 client1
10:10 1 client2
10:15 1 client3
10:20 2 client1 1
10:25 3 client2
10:25 13 ICanWaitNoLonger!
10:30 4 client1
10:35 4 client2
22:00 11 client3
22:00
1 20 00:10
2 0 00:00
