09:00
09:30 1 client1
10:00 2 client1 1
11:00 1 client2
11:30 2 client2 2
16:30 1 client3
17:00 11 client1
17:00 11 client2
17:00 11 client3
17:00
1 35 07:00
2 30 05:30
3 0 00:00
