08:00
08:30 1 client1
09:00 2 client1 1
10:00 2 client1 2
11:00 4 client1
16:00
1 10 01:00
2 10 01:00
